// Jest Snapshot v1, https://goo.gl/fbAQLP

exports[`<Accordion /> should render the heading 1`] = `
<main
  class="css-0"
>
  <h1>
    Accordion
  </h1>
</main>
`
