// Jest Snapshot v1, https://goo.gl/fbAQLP

exports[`<PersonalInfo /> should render the heading 1`] = `
<div
  class="css-3y19al"
>
  <div
    class="css-1418cou"
  >
    <svg
      aria-label="icon-component"
      color="#465953"
      fill="none"
      height="18"
      stroke="currentColor"
      stroke-linecap="round"
      stroke-linejoin="round"
      stroke-width="2"
      style="color: rgb(70, 89, 83);"
      viewBox="0 0 24 24"
      width="18"
      xmlns="http://www.w3.org/2000/svg"
    >
      <path
        d="M14 2H6a2 2 0 0 0-2 2v16a2 2 0 0 0 2 2h12a2 2 0 0 0 2-2V8z"
      />
      <polyline
        points="14 2 14 8 20 8"
      />
      <line
        x1="16"
        x2="8"
        y1="13"
        y2="13"
      />
      <line
        x1="16"
        x2="8"
        y1="17"
        y2="17"
      />
      <polyline
        points="10 9 9 9 8 9"
      />
    </svg>
  </div>
  <div
    class="css-110v27w"
  >
    <h2
      class="css-nfsw4d"
    >
      Telefone
    </h2>
    <p
      class="css-kqyjlq"
    >
      +55 82 2512 6627
    </p>
  </div>
</div>
`
