// Jest Snapshot v1, https://goo.gl/fbAQLP

exports[`<Table /> should render the heading 1`] = `
<table
  class="css-1lngtp8"
>
  <thead
    class="css-1fdmb0w"
  >
    <tr>
      <th
        class="css-eqyatw"
      >
        Nome Completo
      </th>
      <th
        class="css-eqyatw"
      >
        Departamento
      </th>
      <th
        class="css-eqyatw"
      >
        Cargo
      </th>
      <th
        class="css-eqyatw"
      >
        Unidade
      </th>
      <th
        class="css-eqyatw"
      >
        Status
      </th>
    </tr>
  </thead>
  <tbody>
    <tr>
      <td
        class="css-kssi1i"
      >
        <div
          class="css-ibdtyj"
        >
          <img
            class="css-ud1pw4"
            src="https://dailystatuss.com/wp-content/uploads/2022/02/273537712_1855045481347254_3794366435422454151_n.jpg"
          />
          <span
            class="css-scisbb"
          >
            Pikachu Soares do Santos Dias
          </span>
        </div>
      </td>
      <td
        class="css-kssi1i"
      >
        Administrativo
      </td>
      <td
        class="css-kssi1i"
      >
        Analista
      </td>
      <td
        class="css-kssi1i"
      >
        Quartel General
      </td>
      <td
        class="css-kssi1i"
      >
        <div
          class="css-1xl4ljt"
          color="active"
        >
          <h3
            class="css-1rt2vi7"
          >
            Ativo
          </h3>
        </div>
      </td>
      <td
        class="css-kssi1i"
      >
        <svg
          color="#587169"
          fill="currentColor"
          height="24"
          stroke="currentColor"
          stroke-width="0"
          style="color: rgb(88, 113, 105);"
          viewBox="0 0 16 16"
          width="24"
          xmlns="http://www.w3.org/2000/svg"
        >
          <path
            d="M9.5 13a1.5 1.5 0 1 1-3 0 1.5 1.5 0 0 1 3 0zm0-5a1.5 1.5 0 1 1-3 0 1.5 1.5 0 0 1 3 0zm0-5a1.5 1.5 0 1 1-3 0 1.5 1.5 0 0 1 3 0z"
          />
        </svg>
      </td>
    </tr>
    <tr>
      <td
        class="css-kssi1i"
      >
        <div
          class="css-ibdtyj"
        >
          <img
            class="css-ud1pw4"
            src="https://dailystatuss.com/wp-content/uploads/2022/02/273537712_1855045481347254_3794366435422454151_n.jpg"
          />
          <span
            class="css-scisbb"
          >
            Pikachu Soares do Santos Dias
          </span>
        </div>
      </td>
      <td
        class="css-kssi1i"
      >
        Administrativo
      </td>
      <td
        class="css-kssi1i"
      >
        Analista
      </td>
      <td
        class="css-kssi1i"
      >
        Quartel General
      </td>
      <td
        class="css-kssi1i"
      >
        <div
          class="css-1xl4ljt"
          color="active"
        >
          <h3
            class="css-1rt2vi7"
          >
            Ativo
          </h3>
        </div>
      </td>
      <td
        class="css-kssi1i"
      >
        <svg
          color="#587169"
          fill="currentColor"
          height="24"
          stroke="currentColor"
          stroke-width="0"
          style="color: rgb(88, 113, 105);"
          viewBox="0 0 16 16"
          width="24"
          xmlns="http://www.w3.org/2000/svg"
        >
          <path
            d="M9.5 13a1.5 1.5 0 1 1-3 0 1.5 1.5 0 0 1 3 0zm0-5a1.5 1.5 0 1 1-3 0 1.5 1.5 0 0 1 3 0zm0-5a1.5 1.5 0 1 1-3 0 1.5 1.5 0 0 1 3 0z"
          />
        </svg>
      </td>
    </tr>
  </tbody>
</table>
`
